\BOOKMARK [1][-]{Doc-Start}{\376\377\000A\000b\000s\000t\000r\000a\000c\000t}{}% 1
\BOOKMARK [1][-]{section.1}{\376\377\000I\000n\000t\000r\000o\000d\000u\000c\000t\000i\000o\000n}{}% 2
\BOOKMARK [2][-]{subsection.1.1}{\376\377\000S\000c\000o\000p\000e\000\040\000a\000n\000d\000\040\000s\000o\000u\000r\000c\000e\000\040\000b\000a\000s\000i\000s}{section.1}% 3
\BOOKMARK [1][-]{section.2}{\376\377\000P\000r\000o\000j\000e\000c\000t\000\040\000O\000v\000e\000r\000v\000i\000e\000w}{}% 4
\BOOKMARK [1][-]{section.3}{\376\377\000T\000e\000c\000h\000n\000i\000c\000a\000l\000\040\000F\000o\000u\000n\000d\000a\000t\000i\000o\000n\000s}{}% 5
\BOOKMARK [2][-]{subsection.3.1}{\376\377\000E\000v\000o\000l\000u\000t\000i\000o\000n\000a\000r\000y\000\040\000s\000e\000a\000r\000c\000h}{section.3}% 6
\BOOKMARK [2][-]{subsection.3.2}{\376\377\000E\000v\000o\000l\000u\000t\000i\000o\000n\000\040\000S\000t\000r\000a\000t\000e\000g\000i\000e\000s\000\040\000a\000n\000d\000\040\000s\000e\000l\000f\000-\000a\000d\000a\000p\000t\000a\000t\000i\000o\000n}{section.3}% 7
\BOOKMARK [2][-]{subsection.3.3}{\376\377\000A\000c\000k\000l\000e\000y\000\040\000o\000b\000j\000e\000c\000t\000i\000v\000e}{section.3}% 8
\BOOKMARK [2][-]{subsection.3.4}{\376\377\000P\000e\000r\000m\000u\000t\000a\000t\000i\000o\000n\000\040\000r\000e\000p\000r\000e\000s\000e\000n\000t\000a\000t\000i\000o\000n\000s\000\040\000f\000o\000r\000\040\000t\000h\000e\000\040\000T\000S\000P}{section.3}% 9
\BOOKMARK [1][-]{section.4}{\376\377\000D\000a\000t\000a\000\040\000a\000n\000d\000\040\000I\000n\000p\000u\000t\000\040\000P\000r\000o\000c\000e\000s\000s\000i\000n\000g}{}% 10
\BOOKMARK [2][-]{subsection.4.1}{\376\377\000C\000o\000n\000t\000i\000n\000u\000o\000u\000s\000\040\000E\000S\000\040\000i\000n\000p\000u\000t\000s}{section.4}% 11
\BOOKMARK [2][-]{subsection.4.2}{\376\377\000T\000S\000P\000\040\000f\000i\000l\000e\000\040\000p\000a\000r\000s\000i\000n\000g}{section.4}% 12
\BOOKMARK [2][-]{subsection.4.3}{\376\377\000I\000n\000p\000u\000t\000\040\000v\000a\000l\000i\000d\000a\000t\000i\000o\000n}{section.4}% 13
\BOOKMARK [1][-]{section.5}{\376\377\000S\000y\000s\000t\000e\000m\000\040\000A\000r\000c\000h\000i\000t\000e\000c\000t\000u\000r\000e\000\040\000a\000n\000d\000\040\000C\000o\000d\000e\000\040\000O\000r\000g\000a\000n\000i\000z\000a\000t\000i\000o\000n}{}% 14
\BOOKMARK [2][-]{subsection.5.1}{\376\377\000R\000e\000p\000r\000o\000d\000u\000c\000i\000b\000i\000l\000i\000t\000y\000\040\000l\000a\000y\000e\000r}{section.5}% 15
\BOOKMARK [2][-]{subsection.5.2}{\376\377\000E\000S\000\040\000r\000e\000p\000r\000e\000s\000e\000n\000t\000a\000t\000i\000o\000n\000\040\000a\000n\000d\000\040\000o\000p\000e\000r\000a\000t\000o\000r\000s}{section.5}% 16
\BOOKMARK [2][-]{subsection.5.3}{\376\377\000T\000S\000P\000\040\000r\000e\000p\000r\000e\000s\000e\000n\000t\000a\000t\000i\000o\000n\000\040\000a\000n\000d\000\040\000o\000p\000e\000r\000a\000t\000o\000r\000s}{section.5}% 17
\BOOKMARK [1][-]{section.6}{\376\377\000D\000e\000t\000a\000i\000l\000e\000d\000\040\000M\000e\000t\000h\000o\000d\000o\000l\000o\000g\000y}{}% 18
\BOOKMARK [2][-]{subsection.6.1}{\376\377\000E\000v\000o\000l\000u\000t\000i\000o\000n\000\040\000S\000t\000r\000a\000t\000e\000g\000y\000\040\000i\000n\000i\000t\000i\000a\000l\000i\000z\000a\000t\000i\000o\000n}{section.6}% 19
\BOOKMARK [2][-]{subsection.6.2}{\376\377\000E\000S\000\040\000c\000r\000o\000s\000s\000o\000v\000e\000r}{section.6}% 20
\BOOKMARK [2][-]{subsection.6.3}{\376\377\000E\000S\000\040\000m\000u\000t\000a\000t\000i\000o\000n\000\040\000a\000n\000d\000\040\000b\000o\000u\000n\000d\000s}{section.6}% 21
\BOOKMARK [2][-]{subsection.6.4}{\376\377\000E\000S\000\040\000s\000u\000r\000v\000i\000v\000o\000r\000\040\000s\000e\000l\000e\000c\000t\000i\000o\000n\000\040\000a\000n\000d\000\040\000s\000t\000o\000p\000p\000i\000n\000g}{section.6}% 22
\BOOKMARK [2][-]{subsection.6.5}{\376\377\000R\000e\000p\000e\000a\000t\000e\000d\000\040\000E\000S\000\040\000e\000x\000e\000c\000u\000t\000i\000o\000n}{section.6}% 23
\BOOKMARK [2][-]{subsection.6.6}{\376\377\000T\000S\000P\000\040\000c\000o\000s\000t\000\040\000a\000n\000d\000\040\000f\000i\000t\000n\000e\000s\000s}{section.6}% 24
\BOOKMARK [2][-]{subsection.6.7}{\376\377\000P\000e\000r\000m\000u\000t\000a\000t\000i\000o\000n\000\040\000c\000r\000o\000s\000s\000o\000v\000e\000r}{section.6}% 25
\BOOKMARK [2][-]{subsection.6.8}{\376\377\000P\000e\000r\000m\000u\000t\000a\000t\000i\000o\000n\000\040\000m\000u\000t\000a\000t\000i\000o\000n}{section.6}% 26
\BOOKMARK [2][-]{subsection.6.9}{\376\377\000P\000a\000r\000e\000n\000t\000\040\000s\000e\000l\000e\000c\000t\000i\000o\000n}{section.6}% 27
\BOOKMARK [2][-]{subsection.6.10}{\376\377\000T\000S\000P\000\040\000s\000u\000r\000v\000i\000v\000o\000r\000\040\000r\000e\000p\000l\000a\000c\000e\000m\000e\000n\000t}{section.6}% 28
\BOOKMARK [2][-]{subsection.6.11}{\376\377\000T\000S\000P\000\040\000s\000t\000o\000p\000p\000i\000n\000g\000\040\000a\000n\000d\000\040\000r\000e\000p\000e\000a\000t\000e\000d\000\040\000w\000o\000r\000k\000f\000l\000o\000w\000s}{section.6}% 29
\BOOKMARK [1][-]{section.7}{\376\377\000M\000a\000t\000h\000e\000m\000a\000t\000i\000c\000a\000l\000\040\000F\000o\000r\000m\000u\000l\000a\000t\000i\000o\000n}{}% 30
\BOOKMARK [2][-]{subsection.7.1}{\376\377\000U\000n\000i\000f\000i\000e\000d\000\040\000E\000S\000\040\000v\000i\000e\000w}{section.7}% 31
\BOOKMARK [2][-]{subsection.7.2}{\376\377\000T\000S\000P\000\040\000a\000s\000\040\000p\000e\000r\000m\000u\000t\000a\000t\000i\000o\000n\000\040\000o\000p\000t\000i\000m\000i\000z\000a\000t\000i\000o\000n}{section.7}% 32
\BOOKMARK [2][-]{subsection.7.3}{\376\377\000E\000x\000a\000c\000t\000\040\000v\000a\000l\000i\000d\000a\000t\000i\000o\000n\000\040\000o\000n\000\040\000s\000m\000a\000l\000l\000\040\000T\000S\000P\000\040\000i\000n\000s\000t\000a\000n\000c\000e\000s}{section.7}% 33
\BOOKMARK [1][-]{section.8}{\376\377\000O\000p\000t\000i\000m\000i\000z\000a\000t\000i\000o\000n\000\040\000a\000n\000d\000\040\000L\000e\000a\000r\000n\000i\000n\000g\000\040\000P\000r\000o\000c\000e\000d\000u\000r\000e}{}% 34
\BOOKMARK [2][-]{subsection.8.1}{\376\377\000I\000n\000i\000t\000i\000a\000l\000i\000z\000a\000t\000i\000o\000n\000\040\000a\000n\000d\000\040\000s\000c\000a\000l\000e\000\040\000a\000d\000a\000p\000t\000a\000t\000i\000o\000n}{section.8}% 35
\BOOKMARK [2][-]{subsection.8.2}{\376\377\000S\000e\000l\000e\000c\000t\000i\000o\000n\000\040\000p\000r\000e\000s\000s\000u\000r\000e\000\040\000a\000n\000d\000\040\000r\000e\000p\000l\000a\000c\000e\000m\000e\000n\000t}{section.8}% 36
\BOOKMARK [2][-]{subsection.8.3}{\376\377\000O\000b\000j\000e\000c\000t\000i\000v\000e\000\040\000t\000h\000r\000e\000s\000h\000o\000l\000d\000s}{section.8}% 37
\BOOKMARK [1][-]{section.9}{\376\377\000I\000m\000p\000l\000e\000m\000e\000n\000t\000a\000t\000i\000o\000n\000\040\000D\000e\000t\000a\000i\000l\000s}{}% 38
\BOOKMARK [2][-]{subsection.9.1}{\376\377\000S\000o\000f\000t\000w\000a\000r\000e\000\040\000d\000e\000p\000e\000n\000d\000e\000n\000c\000i\000e\000s}{section.9}% 39
\BOOKMARK [2][-]{subsection.9.2}{\376\377\000C\000o\000p\000y\000\040\000s\000e\000m\000a\000n\000t\000i\000c\000s\000\040\000a\000n\000d\000\040\000m\000u\000t\000a\000b\000l\000e\000\040\000s\000t\000a\000t\000e}{section.9}% 40
\BOOKMARK [2][-]{subsection.9.3}{\376\377\000S\000e\000r\000i\000a\000l\000i\000z\000a\000t\000i\000o\000n}{section.9}% 41
\BOOKMARK [2][-]{subsection.9.4}{\376\377\000C\000o\000l\000a\000b\000\040\000p\000o\000r\000t\000a\000b\000i\000l\000i\000t\000y}{section.9}% 42
\BOOKMARK [1][-]{section.10}{\376\377\000E\000x\000e\000c\000u\000t\000i\000o\000n\000\040\000W\000o\000r\000k\000f\000l\000o\000w}{}% 43
\BOOKMARK [1][-]{section.11}{\376\377\000D\000e\000s\000i\000g\000n\000\040\000D\000e\000c\000i\000s\000i\000o\000n\000s\000\040\000a\000n\000d\000\040\000R\000a\000t\000i\000o\000n\000a\000l\000e}{}% 44
\BOOKMARK [1][-]{section.12}{\376\377\000C\000o\000m\000p\000u\000t\000a\000t\000i\000o\000n\000a\000l\000\040\000C\000o\000n\000s\000i\000d\000e\000r\000a\000t\000i\000o\000n\000s}{}% 45
\BOOKMARK [2][-]{subsection.12.1}{\376\377\000E\000v\000o\000l\000u\000t\000i\000o\000n\000\040\000S\000t\000r\000a\000t\000e\000g\000y\000\040\000c\000o\000s\000t}{section.12}% 46
\BOOKMARK [2][-]{subsection.12.2}{\376\377\000T\000S\000P\000\040\000c\000o\000s\000t}{section.12}% 47
\BOOKMARK [2][-]{subsection.12.3}{\376\377\000M\000e\000m\000o\000r\000y\000\040\000b\000e\000h\000a\000v\000i\000o\000r}{section.12}% 48
\BOOKMARK [1][-]{section.13}{\376\377\000R\000e\000p\000r\000o\000d\000u\000c\000i\000b\000i\000l\000i\000t\000y\000\040\000a\000n\000d\000\040\000R\000e\000l\000i\000a\000b\000i\000l\000i\000t\000y}{}% 49
\BOOKMARK [1][-]{section.14}{\376\377\000L\000i\000m\000i\000t\000a\000t\000i\000o\000n\000s\000\040\000a\000n\000d\000\040\000T\000e\000c\000h\000n\000i\000c\000a\000l\000\040\000C\000o\000n\000s\000i\000d\000e\000r\000a\000t\000i\000o\000n\000s}{}% 50
\BOOKMARK [2][-]{subsection.14.1}{\376\377\000S\000y\000n\000t\000a\000c\000t\000i\000c\000\040\000e\000x\000e\000c\000u\000t\000i\000o\000n\000\040\000d\000e\000f\000e\000c\000t\000\040\000i\000n\000\040\000t\000h\000e\000\040\000s\000u\000b\000m\000i\000t\000t\000e\000d\000\040\000f\000i\000l\000e}{section.14}% 51
\BOOKMARK [2][-]{subsection.14.2}{\376\377\000C\000o\000r\000r\000e\000l\000a\000t\000i\000o\000n\000\040\000s\000t\000a\000t\000e\000\040\000w\000i\000t\000h\000o\000u\000t\000\040\000c\000o\000v\000a\000r\000i\000a\000n\000c\000e\000\040\000r\000o\000t\000a\000t\000i\000o\000n}{section.14}% 52
\BOOKMARK [2][-]{subsection.14.3}{\376\377\000T\000e\000r\000m\000i\000n\000o\000l\000o\000g\000y\000\040\000e\000n\000c\000o\000d\000e\000d\000\040\000a\000s\000\040\000i\000d\000e\000n\000t\000i\000f\000i\000e\000r\000s}{section.14}% 53
\BOOKMARK [2][-]{subsection.14.4}{\376\377\000D\000i\000s\000t\000a\000n\000c\000e\000\040\000c\000o\000n\000v\000e\000n\000t\000i\000o\000n\000\040\000a\000n\000d\000\040\000T\000S\000P\000L\000I\000B\000\040\000s\000e\000m\000a\000n\000t\000i\000c\000s}{section.14}% 54
\BOOKMARK [2][-]{subsection.14.5}{\376\377\000F\000i\000t\000n\000e\000s\000s\000\040\000r\000e\000c\000i\000p\000r\000o\000c\000i\000t\000y}{section.14}% 55
\BOOKMARK [2][-]{subsection.14.6}{\376\377\000N\000o\000\040\000c\000o\000m\000p\000l\000e\000t\000e\000\040\000d\000e\000p\000e\000n\000d\000e\000n\000c\000y\000\040\000e\000n\000v\000i\000r\000o\000n\000m\000e\000n\000t\000\040\000s\000p\000e\000c\000i\000f\000i\000c\000a\000t\000i\000o\000n}{section.14}% 56
\BOOKMARK [1][-]{section.15}{\376\377\000O\000v\000e\000r\000a\000l\000l\000\040\000T\000e\000c\000h\000n\000i\000c\000a\000l\000\040\000A\000s\000s\000e\000s\000s\000m\000e\000n\000t}{}% 57
\BOOKMARK [1][-]{section.16}{\376\377\000C\000o\000n\000c\000l\000u\000s\000i\000o\000n}{}% 58
