\BOOKMARK [1][-]{Doc-Start}{\376\377\000S\000c\000o\000p\000e\000\040\000a\000n\000d\000\040\000S\000o\000u\000r\000c\000e\000-\000F\000i\000d\000e\000l\000i\000t\000y\000\040\000N\000o\000t\000e}{}% 1
\BOOKMARK [1][-]{section.1}{\376\377\000A\000b\000s\000t\000r\000a\000c\000t}{}% 2
\BOOKMARK [1][-]{section.2}{\376\377\000I\000n\000t\000r\000o\000d\000u\000c\000t\000i\000o\000n}{}% 3
\BOOKMARK [1][-]{section.3}{\376\377\000P\000r\000o\000j\000e\000c\000t\000\040\000O\000v\000e\000r\000v\000i\000e\000w}{}% 4
\BOOKMARK [1][-]{section.4}{\376\377\000T\000e\000c\000h\000n\000i\000c\000a\000l\000\040\000F\000o\000u\000n\000d\000a\000t\000i\000o\000n\000s}{}% 5
\BOOKMARK [2][-]{subsection.4.1}{\376\377\000B\000a\000y\000e\000s\000i\000a\000n\000\040\000C\000l\000a\000s\000s\000i\000f\000i\000c\000a\000t\000i\000o\000n}{section.4}% 6
\BOOKMARK [2][-]{subsection.4.2}{\376\377\000M\000u\000l\000t\000i\000v\000a\000r\000i\000a\000t\000e\000\040\000G\000a\000u\000s\000s\000i\000a\000n\000\040\000C\000l\000a\000s\000s\000\040\000M\000o\000d\000e\000l}{section.4}% 7
\BOOKMARK [2][-]{subsection.4.3}{\376\377\000L\000o\000g\000-\000D\000e\000n\000s\000i\000t\000y\000\040\000F\000o\000r\000m\000u\000l\000a\000t\000i\000o\000n}{section.4}% 8
\BOOKMARK [2][-]{subsection.4.4}{\376\377\000B\000a\000y\000e\000s\000\040\000M\000i\000n\000i\000m\000u\000m\000\040\000E\000r\000r\000o\000r}{section.4}% 9
\BOOKMARK [2][-]{subsection.4.5}{\376\377\000B\000a\000y\000e\000s\000\040\000M\000i\000n\000i\000m\000u\000m\000\040\000R\000i\000s\000k}{section.4}% 10
\BOOKMARK [1][-]{section.5}{\376\377\000D\000a\000t\000a\000\040\000a\000n\000d\000\040\000I\000n\000p\000u\000t\000\040\000P\000r\000o\000c\000e\000s\000s\000i\000n\000g}{}% 11
\BOOKMARK [2][-]{subsection.5.1}{\376\377\000E\000x\000e\000r\000c\000i\000s\000e\000\040\0001\000:\000\040\000S\000y\000n\000t\000h\000e\000t\000i\000c\000\040\000T\000w\000o\000-\000C\000l\000a\000s\000s\000\040\000G\000a\000u\000s\000s\000i\000a\000n\000\040\000D\000a\000t\000a}{section.5}% 12
\BOOKMARK [2][-]{subsection.5.2}{\376\377\000E\000x\000e\000r\000c\000i\000s\000e\000\040\0002\000a\000:\000\040\000I\000r\000i\000s}{section.5}% 13
\BOOKMARK [2][-]{subsection.5.3}{\376\377\000E\000x\000e\000r\000c\000i\000s\000e\000\040\0002\000b\000:\000\040\000L\000i\000q\000u\000i\000d\000-\000e\000q\000u\000i\000v\000a\000l\000e\000n\000t\000\040\000D\000a\000t\000a\000s\000e\000t}{section.5}% 14
\BOOKMARK [2][-]{subsection.5.4}{\376\377\000E\000x\000e\000r\000c\000i\000s\000e\000\040\0002\000c\000:\000\040\000N\000o\000r\000m\000a\000l\000\040\000T\000r\000a\000i\000n\000/\000T\000e\000s\000t\000\040\000D\000a\000t\000a}{section.5}% 15
\BOOKMARK [1][-]{section.6}{\376\377\000S\000y\000s\000t\000e\000m\000\040\000A\000r\000c\000h\000i\000t\000e\000c\000t\000u\000r\000e\000\040\000a\000n\000d\000\040\000C\000o\000d\000e\000\040\000O\000r\000g\000a\000n\000i\000z\000a\000t\000i\000o\000n}{}% 16
\BOOKMARK [2][-]{subsection.6.1}{\376\377\000C\000o\000n\000f\000i\000g\000u\000r\000a\000t\000i\000o\000n\000\040\000a\000n\000d\000\040\000E\000n\000v\000i\000r\000o\000n\000m\000e\000n\000t\000\040\000C\000a\000p\000t\000u\000r\000e}{section.6}% 17
\BOOKMARK [2][-]{subsection.6.2}{\376\377\000L\000o\000w\000-\000L\000e\000v\000e\000l\000\040\000N\000u\000m\000e\000r\000i\000c\000a\000l\000\040\000P\000r\000i\000m\000i\000t\000i\000v\000e}{section.6}% 18
\BOOKMARK [2][-]{subsection.6.3}{\376\377\000P\000o\000s\000t\000e\000r\000i\000o\000r\000\040\000N\000o\000r\000m\000a\000l\000i\000z\000a\000t\000i\000o\000n}{section.6}% 19
\BOOKMARK [2][-]{subsection.6.4}{\376\377\000B\000i\000n\000a\000r\000y\000\040\000D\000e\000c\000i\000s\000i\000o\000n\000\040\000F\000u\000n\000c\000t\000i\000o\000n\000s}{section.6}% 20
\BOOKMARK [2][-]{subsection.6.5}{\376\377\000M\000u\000l\000t\000i\000c\000l\000a\000s\000s\000\040\000G\000e\000n\000e\000r\000a\000l\000i\000z\000a\000t\000i\000o\000n}{section.6}% 21
\BOOKMARK [1][-]{section.7}{\376\377\000D\000e\000t\000a\000i\000l\000e\000d\000\040\000M\000e\000t\000h\000o\000d\000o\000l\000o\000g\000y}{}% 22
\BOOKMARK [2][-]{subsection.7.1}{\376\377\000E\000x\000e\000r\000c\000i\000s\000e\000\040\0001\000\040\000S\000i\000m\000u\000l\000a\000t\000i\000o\000n\000\040\000P\000i\000p\000e\000l\000i\000n\000e}{section.7}% 23
\BOOKMARK [2][-]{subsection.7.2}{\376\377\000M\000a\000x\000i\000m\000u\000m\000-\000L\000i\000k\000e\000l\000i\000h\000o\000o\000d\000\040\000G\000a\000u\000s\000s\000i\000a\000n\000\040\000P\000a\000r\000a\000m\000e\000t\000e\000r\000\040\000E\000s\000t\000i\000m\000a\000t\000i\000o\000n}{section.7}% 24
\BOOKMARK [2][-]{subsection.7.3}{\376\377\000T\000r\000u\000e\000\040\000L\000e\000a\000v\000e\000-\000O\000n\000e\000-\000O\000u\000t\000\040\000E\000v\000a\000l\000u\000a\000t\000i\000o\000n}{section.7}% 25
\BOOKMARK [2][-]{subsection.7.4}{\376\377\000T\000r\000a\000i\000n\000/\000T\000e\000s\000t\000\040\000E\000v\000a\000l\000u\000a\000t\000i\000o\000n\000\040\000f\000o\000r\000\040\000t\000h\000e\000\040\000N\000o\000r\000m\000a\000l\000\040\000D\000a\000t\000a\000s\000e\000t}{section.7}% 26
\BOOKMARK [1][-]{section.8}{\376\377\000M\000a\000t\000h\000e\000m\000a\000t\000i\000c\000a\000l\000\040\000F\000o\000r\000m\000u\000l\000a\000t\000i\000o\000n}{}% 27
\BOOKMARK [2][-]{subsection.8.1}{\376\377\000B\000i\000n\000a\000r\000y\000\040\000A\000s\000y\000m\000m\000e\000t\000r\000i\000c\000-\000R\000i\000s\000k\000\040\000B\000o\000u\000n\000d\000a\000r\000y}{section.8}% 28
\BOOKMARK [2][-]{subsection.8.2}{\376\377\000E\000r\000r\000o\000r\000\040\000M\000e\000t\000r\000i\000c\000s}{section.8}% 29
\BOOKMARK [1][-]{section.9}{\376\377\000I\000m\000p\000l\000e\000m\000e\000n\000t\000a\000t\000i\000o\000n\000\040\000D\000e\000t\000a\000i\000l\000s}{}% 30
\BOOKMARK [2][-]{subsection.9.1}{\376\377\000V\000e\000c\000t\000o\000r\000i\000z\000a\000t\000i\000o\000n\000\040\000a\000n\000d\000\040\000A\000r\000r\000a\000y\000\040\000S\000e\000m\000a\000n\000t\000i\000c\000s}{section.9}% 31
\BOOKMARK [2][-]{subsection.9.2}{\376\377\000P\000o\000s\000i\000t\000i\000v\000e\000-\000D\000e\000f\000i\000n\000i\000t\000e\000n\000e\000s\000s\000\040\000C\000h\000e\000c\000k\000s}{section.9}% 32
\BOOKMARK [2][-]{subsection.9.3}{\376\377\000A\000r\000t\000i\000f\000a\000c\000t\000\040\000N\000a\000m\000i\000n\000g\000\040\000a\000n\000d\000\040\000D\000a\000t\000a\000\040\000L\000i\000n\000e\000a\000g\000e}{section.9}% 33
\BOOKMARK [2][-]{subsection.9.4}{\376\377\000S\000o\000u\000r\000c\000e\000-\000L\000e\000v\000e\000l\000\040\000T\000r\000a\000c\000e\000a\000b\000i\000l\000i\000t\000y}{section.9}% 34
\BOOKMARK [1][-]{section.10}{\376\377\000E\000x\000e\000c\000u\000t\000i\000o\000n\000\040\000W\000o\000r\000k\000f\000l\000o\000w}{}% 35
\BOOKMARK [1][-]{section.11}{\376\377\000D\000e\000s\000i\000g\000n\000\040\000D\000e\000c\000i\000s\000i\000o\000n\000s\000\040\000a\000n\000d\000\040\000R\000a\000t\000i\000o\000n\000a\000l\000e}{}% 36
\BOOKMARK [2][-]{subsection.11.1}{\376\377\000W\000h\000y\000\040\000L\000o\000g\000\040\000P\000r\000o\000b\000a\000b\000i\000l\000i\000t\000i\000e\000s\000\040\000A\000r\000e\000\040\000U\000s\000e\000d}{section.11}% 37
\BOOKMARK [2][-]{subsection.11.2}{\376\377\000W\000h\000y\000\040\000M\000a\000x\000i\000m\000u\000m\000-\000L\000i\000k\000e\000l\000i\000h\000o\000o\000d\000\040\000C\000o\000v\000a\000r\000i\000a\000n\000c\000e\000\040\000U\000s\000e\000s\000\040\000n}{section.11}% 38
\BOOKMARK [2][-]{subsection.11.3}{\376\377\000W\000h\000y\000\040\000L\000e\000a\000v\000e\000-\000O\000n\000e\000-\000O\000u\000t\000\040\000I\000s\000\040\000I\000m\000p\000l\000e\000m\000e\000n\000t\000e\000d\000\040\000M\000a\000n\000u\000a\000l\000l\000y}{section.11}% 39
\BOOKMARK [2][-]{subsection.11.4}{\376\377\000W\000h\000y\000\040\000t\000h\000e\000\040\000M\000i\000s\000s\000i\000n\000g\000\040\000D\000a\000t\000a\000\040\000A\000r\000e\000\040\000R\000e\000c\000o\000n\000s\000t\000r\000u\000c\000t\000e\000d\000\040\000o\000r\000\040\000S\000u\000b\000s\000t\000i\000t\000u\000t\000e\000d}{section.11}% 40
\BOOKMARK [1][-]{section.12}{\376\377\000C\000o\000m\000p\000u\000t\000a\000t\000i\000o\000n\000a\000l\000\040\000C\000o\000n\000s\000i\000d\000e\000r\000a\000t\000i\000o\000n\000s}{}% 41
\BOOKMARK [1][-]{section.13}{\376\377\000R\000e\000p\000r\000o\000d\000u\000c\000i\000b\000i\000l\000i\000t\000y\000\040\000a\000n\000d\000\040\000R\000e\000l\000i\000a\000b\000i\000l\000i\000t\000y}{}% 42
\BOOKMARK [1][-]{section.14}{\376\377\000L\000i\000m\000i\000t\000a\000t\000i\000o\000n\000s\000\040\000a\000n\000d\000\040\000T\000e\000c\000h\000n\000i\000c\000a\000l\000\040\000C\000o\000n\000s\000i\000d\000e\000r\000a\000t\000i\000o\000n\000s}{}% 43
\BOOKMARK [2][-]{subsection.14.1}{\376\377\000M\000i\000s\000s\000i\000n\000g\000\040\000A\000s\000s\000i\000g\000n\000m\000e\000n\000t\000\040\000D\000a\000t\000a}{section.14}% 44
\BOOKMARK [2][-]{subsection.14.2}{\376\377\000R\000e\000p\000e\000a\000t\000e\000d\000\040\000M\000a\000t\000r\000i\000x\000\040\000I\000n\000v\000e\000r\000s\000i\000o\000n}{section.14}% 45
\BOOKMARK [2][-]{subsection.14.3}{\376\377\000C\000o\000n\000d\000i\000t\000i\000o\000n\000i\000n\000g\000\040\000a\000n\000d\000\040\000C\000o\000v\000a\000r\000i\000a\000n\000c\000e\000\040\000R\000e\000g\000u\000l\000a\000r\000i\000z\000a\000t\000i\000o\000n}{section.14}% 46
\BOOKMARK [2][-]{subsection.14.4}{\376\377\000E\000q\000u\000a\000l\000\040\000P\000r\000i\000o\000r\000s}{section.14}% 47
\BOOKMARK [2][-]{subsection.14.5}{\376\377\000P\000l\000o\000t\000t\000i\000n\000g\000\040\000C\000o\000d\000e\000\040\000a\000n\000d\000\040\000R\000e\000p\000o\000r\000t\000i\000n\000g\000\040\000S\000c\000o\000p\000e}{section.14}% 48
\BOOKMARK [1][-]{section.15}{\376\377\000O\000v\000e\000r\000a\000l\000l\000\040\000T\000e\000c\000h\000n\000i\000c\000a\000l\000\040\000A\000s\000s\000e\000s\000s\000m\000e\000n\000t}{}% 49
\BOOKMARK [1][-]{section.16}{\376\377\000C\000o\000n\000c\000l\000u\000s\000i\000o\000n}{}% 50
