\BOOKMARK [1][-]{section.1}{\376\377\000I\000n\000t\000r\000o\000d\000u\000c\000t\000i\000o\000n}{}% 1
\BOOKMARK [1][-]{section.2}{\376\377\000P\000r\000o\000j\000e\000c\000t\000\040\000O\000v\000e\000r\000v\000i\000e\000w}{}% 2
\BOOKMARK [1][-]{section.3}{\376\377\000T\000e\000c\000h\000n\000i\000c\000a\000l\000\040\000F\000o\000u\000n\000d\000a\000t\000i\000o\000n\000s}{}% 3
\BOOKMARK [2][-]{subsection.3.1}{\376\377\000D\000i\000s\000t\000a\000n\000c\000e\000-\000b\000a\000s\000e\000d\000\040\000c\000l\000a\000s\000s\000i\000f\000i\000c\000a\000t\000i\000o\000n}{section.3}% 4
\BOOKMARK [2][-]{subsection.3.2}{\376\377\000k\000-\000n\000e\000a\000r\000e\000s\000t\000\040\000n\000e\000i\000g\000h\000b\000o\000u\000r\000s}{section.3}% 5
\BOOKMARK [2][-]{subsection.3.3}{\376\377\000M\000i\000n\000i\000m\000u\000m\000-\000m\000e\000a\000n\000-\000d\000i\000s\000t\000a\000n\000c\000e\000\040\000c\000l\000a\000s\000s\000i\000f\000i\000e\000r}{section.3}% 6
\BOOKMARK [2][-]{subsection.3.4}{\376\377\000A\000c\000c\000u\000r\000a\000c\000y\000\040\000a\000n\000d\000\040\000c\000o\000n\000f\000u\000s\000i\000o\000n\000\040\000m\000a\000t\000r\000i\000c\000e\000s}{section.3}% 7
\BOOKMARK [1][-]{section.4}{\376\377\000D\000a\000t\000a\000\040\000a\000n\000d\000\040\000I\000n\000p\000u\000t\000\040\000P\000r\000o\000c\000e\000s\000s\000i\000n\000g}{}% 8
\BOOKMARK [2][-]{subsection.4.1}{\376\377\000I\000r\000i\000s\000\040\000a\000c\000q\000u\000i\000s\000i\000t\000i\000o\000n}{section.4}% 9
\BOOKMARK [2][-]{subsection.4.2}{\376\377\000L\000i\000q\000u\000i\000d\000\040\000p\000r\000o\000x\000y\000\040\000a\000c\000q\000u\000i\000s\000i\000t\000i\000o\000n}{section.4}% 10
\BOOKMARK [2][-]{subsection.4.3}{\376\377\000N\000o\000r\000m\000a\000l\000\040\000s\000y\000n\000t\000h\000e\000t\000i\000c\000\040\000b\000e\000n\000c\000h\000m\000a\000r\000k}{section.4}% 11
\BOOKMARK [2][-]{subsection.4.4}{\376\377\000I\000n\000p\000u\000t\000\040\000v\000a\000l\000i\000d\000a\000t\000i\000o\000n}{section.4}% 12
\BOOKMARK [1][-]{section.5}{\376\377\000S\000y\000s\000t\000e\000m\000\040\000A\000r\000c\000h\000i\000t\000e\000c\000t\000u\000r\000e\000\040\000a\000n\000d\000\040\000C\000o\000d\000e\000\040\000O\000r\000g\000a\000n\000i\000z\000a\000t\000i\000o\000n}{}% 13
\BOOKMARK [2][-]{subsection.5.1}{\376\377\000D\000e\000p\000e\000n\000d\000e\000n\000c\000i\000e\000s\000\040\000a\000n\000d\000\040\000c\000o\000n\000f\000i\000g\000u\000r\000a\000t\000i\000o\000n}{section.5}% 14
\BOOKMARK [2][-]{subsection.5.2}{\376\377\000D\000a\000t\000a\000\040\000a\000c\000q\000u\000i\000s\000i\000t\000i\000o\000n\000\040\000f\000u\000n\000c\000t\000i\000o\000n\000s}{section.5}% 15
\BOOKMARK [2][-]{subsection.5.3}{\376\377\000C\000l\000a\000s\000s\000i\000f\000i\000e\000r\000\040\000f\000u\000n\000c\000t\000i\000o\000n\000s}{section.5}% 16
\BOOKMARK [2][-]{subsection.5.4}{\376\377\000E\000v\000a\000l\000u\000a\000t\000i\000o\000n\000\040\000a\000n\000d\000\040\000a\000r\000t\000i\000f\000a\000c\000t\000\040\000f\000u\000n\000c\000t\000i\000o\000n\000s}{section.5}% 17
\BOOKMARK [1][-]{section.6}{\376\377\000D\000e\000t\000a\000i\000l\000e\000d\000\040\000M\000e\000t\000h\000o\000d\000o\000l\000o\000g\000y}{}% 18
\BOOKMARK [2][-]{subsection.6.1}{\376\377\000k\000N\000N\000\040\000i\000m\000p\000l\000e\000m\000e\000n\000t\000a\000t\000i\000o\000n\000\040\000l\000o\000g\000i\000c}{section.6}% 19
\BOOKMARK [2][-]{subsection.6.2}{\376\377\000M\000M\000D\000\040\000i\000m\000p\000l\000e\000m\000e\000n\000t\000a\000t\000i\000o\000n\000\040\000l\000o\000g\000i\000c}{section.6}% 20
\BOOKMARK [2][-]{subsection.6.3}{\376\377\000L\000e\000a\000v\000e\000-\000o\000n\000e\000-\000o\000u\000t\000\040\000e\000v\000a\000l\000u\000a\000t\000i\000o\000n}{section.6}% 21
\BOOKMARK [2][-]{subsection.6.4}{\376\377\000F\000i\000x\000e\000d\000\040\000t\000r\000a\000i\000n\000/\000t\000e\000s\000t\000\040\000e\000v\000a\000l\000u\000a\000t\000i\000o\000n\000\040\000f\000o\000r\000\040\000N\000o\000r\000m\000a\000l}{section.6}% 22
\BOOKMARK [1][-]{section.7}{\376\377\000M\000a\000t\000h\000e\000m\000a\000t\000i\000c\000a\000l\000\040\000F\000o\000r\000m\000u\000l\000a\000t\000i\000o\000n}{}% 23
\BOOKMARK [1][-]{section.8}{\376\377\000O\000p\000t\000i\000m\000i\000z\000a\000t\000i\000o\000n\000\040\000a\000n\000d\000\040\000L\000e\000a\000r\000n\000i\000n\000g\000\040\000P\000r\000o\000c\000e\000d\000u\000r\000e}{}% 24
\BOOKMARK [1][-]{section.9}{\376\377\000I\000m\000p\000l\000e\000m\000e\000n\000t\000a\000t\000i\000o\000n\000\040\000D\000e\000t\000a\000i\000l\000s}{}% 25
\BOOKMARK [2][-]{subsection.9.1}{\376\377\000T\000y\000p\000e\000\040\000h\000i\000n\000t\000s\000\040\000a\000n\000d\000\040\000d\000a\000t\000a\000\040\000r\000e\000p\000r\000e\000s\000e\000n\000t\000a\000t\000i\000o\000n}{section.9}% 26
\BOOKMARK [2][-]{subsection.9.2}{\376\377\000F\000i\000l\000e\000s\000y\000s\000t\000e\000m\000\040\000d\000e\000s\000i\000g\000n}{section.9}% 27
\BOOKMARK [2][-]{subsection.9.3}{\376\377\000R\000e\000p\000r\000o\000d\000u\000c\000i\000b\000l\000e\000\040\000m\000e\000t\000a\000d\000a\000t\000a}{section.9}% 28
\BOOKMARK [2][-]{subsection.9.4}{\376\377\000C\000o\000n\000f\000u\000s\000i\000o\000n\000-\000m\000a\000t\000r\000i\000x\000\040\000g\000e\000n\000e\000r\000a\000t\000i\000o\000n}{section.9}% 29
\BOOKMARK [2][-]{subsection.9.5}{\376\377\000P\000a\000c\000k\000a\000g\000i\000n\000g\000\040\000b\000e\000h\000a\000v\000i\000o\000r}{section.9}% 30
\BOOKMARK [1][-]{section.10}{\376\377\000E\000x\000e\000c\000u\000t\000i\000o\000n\000\040\000W\000o\000r\000k\000f\000l\000o\000w}{}% 31
\BOOKMARK [1][-]{section.11}{\376\377\000D\000e\000s\000i\000g\000n\000\040\000D\000e\000c\000i\000s\000i\000o\000n\000s\000\040\000a\000n\000d\000\040\000R\000a\000t\000i\000o\000n\000a\000l\000e}{}% 32
\BOOKMARK [2][-]{subsection.11.1}{\376\377\000U\000s\000i\000n\000g\000\040\000e\000x\000p\000l\000i\000c\000i\000t\000\040\000p\000r\000o\000x\000y\000\040\000d\000a\000t\000a\000s\000e\000t\000s}{section.11}% 33
\BOOKMARK [2][-]{subsection.11.2}{\376\377\000A\000v\000o\000i\000d\000i\000n\000g\000\040\000f\000e\000a\000t\000u\000r\000e\000\040\000s\000c\000a\000l\000i\000n\000g}{section.11}% 34
\BOOKMARK [2][-]{subsection.11.3}{\376\377\000S\000t\000a\000b\000l\000e\000\040\000a\000n\000d\000\040\000d\000e\000t\000e\000r\000m\000i\000n\000i\000s\000t\000i\000c\000\040\000t\000i\000e\000\040\000h\000a\000n\000d\000l\000i\000n\000g}{section.11}% 35
\BOOKMARK [2][-]{subsection.11.4}{\376\377\000S\000e\000p\000a\000r\000a\000t\000i\000o\000n\000\040\000o\000f\000\040\000p\000r\000e\000d\000i\000c\000t\000i\000o\000n\000\040\000a\000n\000d\000\040\000e\000v\000a\000l\000u\000a\000t\000i\000o\000n}{section.11}% 36
\BOOKMARK [1][-]{section.12}{\376\377\000C\000o\000m\000p\000u\000t\000a\000t\000i\000o\000n\000a\000l\000\040\000C\000o\000n\000s\000i\000d\000e\000r\000a\000t\000i\000o\000n\000s}{}% 37
\BOOKMARK [1][-]{section.13}{\376\377\000R\000e\000p\000r\000o\000d\000u\000c\000i\000b\000i\000l\000i\000t\000y\000\040\000a\000n\000d\000\040\000R\000e\000l\000i\000a\000b\000i\000l\000i\000t\000y}{}% 38
\BOOKMARK [1][-]{section.14}{\376\377\000L\000i\000m\000i\000t\000a\000t\000i\000o\000n\000s\000\040\000a\000n\000d\000\040\000T\000e\000c\000h\000n\000i\000c\000a\000l\000\040\000C\000o\000n\000s\000i\000d\000e\000r\000a\000t\000i\000o\000n\000s}{}% 39
\BOOKMARK [2][-]{subsection.14.1}{\376\377\000M\000i\000s\000s\000i\000n\000g\000\040\000o\000r\000i\000g\000i\000n\000a\000l\000\040\000A\000s\000s\000i\000g\000n\000m\000e\000n\000t\000\040\0001\000.\0002\000\040\000d\000a\000t\000a\000b\000a\000s\000e\000s}{section.14}% 40
\BOOKMARK [2][-]{subsection.14.2}{\376\377\000F\000e\000a\000t\000u\000r\000e\000-\000s\000c\000a\000l\000e\000\040\000s\000e\000n\000s\000i\000t\000i\000v\000i\000t\000y}{section.14}% 41
\BOOKMARK [2][-]{subsection.14.3}{\376\377\000S\000m\000a\000l\000l\000\040\000p\000r\000e\000d\000e\000f\000i\000n\000e\000d\000\040\000k\000\040\000s\000e\000t}{section.14}% 42
\BOOKMARK [2][-]{subsection.14.4}{\376\377\000V\000a\000l\000i\000d\000a\000t\000i\000o\000n\000\040\000s\000c\000o\000p\000e}{section.14}% 43
\BOOKMARK [2][-]{subsection.14.5}{\376\377\000S\000o\000u\000r\000c\000e\000\040\000d\000u\000p\000l\000i\000c\000a\000t\000i\000o\000n}{section.14}% 44
\BOOKMARK [2][-]{subsection.14.6}{\376\377\000P\000a\000c\000k\000a\000g\000i\000n\000g\000\040\000v\000e\000r\000s\000u\000s\000\040\000c\000o\000r\000e\000\040\000e\000x\000p\000e\000r\000i\000m\000e\000n\000t}{section.14}% 45
\BOOKMARK [1][-]{section.15}{\376\377\000O\000v\000e\000r\000a\000l\000l\000\040\000T\000e\000c\000h\000n\000i\000c\000a\000l\000\040\000A\000s\000s\000e\000s\000s\000m\000e\000n\000t}{}% 46
\BOOKMARK [1][-]{section.16}{\376\377\000C\000o\000n\000c\000l\000u\000s\000i\000o\000n}{}% 47
