\BOOKMARK [1][-]{section.1}{\376\377\000I\000n\000t\000r\000o\000d\000u\000c\000t\000i\000o\000n}{}% 1
\BOOKMARK [1][-]{section.2}{\376\377\000P\000r\000o\000j\000e\000c\000t\000\040\000O\000v\000e\000r\000v\000i\000e\000w}{}% 2
\BOOKMARK [1][-]{section.3}{\376\377\000T\000e\000c\000h\000n\000i\000c\000a\000l\000\040\000F\000o\000u\000n\000d\000a\000t\000i\000o\000n\000s}{}% 3
\BOOKMARK [2][-]{subsection.3.1}{\376\377\000B\000i\000n\000a\000r\000y\000\040\000l\000i\000n\000e\000a\000r\000\040\000d\000i\000s\000c\000r\000i\000m\000i\000n\000a\000t\000i\000o\000n}{section.3}% 4
\BOOKMARK [2][-]{subsection.3.2}{\376\377\000P\000e\000r\000c\000e\000p\000t\000r\000o\000n\000\040\000l\000e\000a\000r\000n\000i\000n\000g}{section.3}% 5
\BOOKMARK [2][-]{subsection.3.3}{\376\377\000L\000e\000a\000s\000t\000-\000s\000q\000u\000a\000r\000e\000s\000\040\000c\000l\000a\000s\000s\000i\000f\000i\000c\000a\000t\000i\000o\000n}{section.3}% 6
\BOOKMARK [2][-]{subsection.3.4}{\376\377\000B\000i\000n\000a\000r\000y\000\040\000l\000o\000g\000i\000s\000t\000i\000c\000\040\000d\000i\000s\000c\000r\000i\000m\000i\000n\000a\000t\000i\000o\000n}{section.3}% 7
\BOOKMARK [1][-]{section.4}{\376\377\000D\000a\000t\000a\000\040\000a\000n\000d\000\040\000I\000n\000p\000u\000t\000\040\000P\000r\000o\000c\000e\000s\000s\000i\000n\000g}{}% 8
\BOOKMARK [2][-]{subsection.4.1}{\376\377\000B\000i\000n\000a\000r\000y\000\040\000s\000u\000b\000s\000e\000t\000\040\000c\000o\000n\000s\000t\000r\000u\000c\000t\000i\000o\000n}{section.4}% 9
\BOOKMARK [2][-]{subsection.4.2}{\376\377\000B\000i\000a\000s\000\040\000a\000u\000g\000m\000e\000n\000t\000a\000t\000i\000o\000n}{section.4}% 10
\BOOKMARK [1][-]{section.5}{\376\377\000S\000y\000s\000t\000e\000m\000\040\000A\000r\000c\000h\000i\000t\000e\000c\000t\000u\000r\000e\000\040\000a\000n\000d\000\040\000C\000o\000d\000e\000\040\000O\000r\000g\000a\000n\000i\000z\000a\000t\000i\000o\000n}{}% 11
\BOOKMARK [1][-]{section.6}{\376\377\000D\000e\000t\000a\000i\000l\000e\000d\000\040\000M\000e\000t\000h\000o\000d\000o\000l\000o\000g\000y}{}% 12
\BOOKMARK [2][-]{subsection.6.1}{\376\377\000P\000e\000r\000c\000e\000p\000t\000r\000o\000n\000\040\000w\000o\000r\000k\000f\000l\000o\000w}{section.6}% 13
\BOOKMARK [2][-]{subsection.6.2}{\376\377\000L\000e\000a\000s\000t\000-\000s\000q\000u\000a\000r\000e\000s\000\040\000w\000o\000r\000k\000f\000l\000o\000w}{section.6}% 14
\BOOKMARK [2][-]{subsection.6.3}{\376\377\000L\000o\000g\000i\000s\000t\000i\000c\000\040\000c\000o\000r\000e\000\040\000i\000m\000p\000l\000e\000m\000e\000n\000t\000a\000t\000i\000o\000n}{section.6}% 15
\BOOKMARK [2][-]{subsection.6.4}{\376\377\000O\000n\000e\000-\000v\000s\000-\000r\000e\000s\000t\000\040\000l\000o\000g\000i\000s\000t\000i\000c\000\040\000d\000i\000s\000c\000r\000i\000m\000i\000n\000a\000t\000i\000o\000n}{section.6}% 16
\BOOKMARK [2][-]{subsection.6.5}{\376\377\000O\000n\000e\000-\000v\000s\000-\000o\000n\000e\000\040\000l\000o\000g\000i\000s\000t\000i\000c\000\040\000d\000i\000s\000c\000r\000i\000m\000i\000n\000a\000t\000i\000o\000n}{section.6}% 17
\BOOKMARK [1][-]{section.7}{\376\377\000M\000a\000t\000h\000e\000m\000a\000t\000i\000c\000a\000l\000\040\000F\000o\000r\000m\000u\000l\000a\000t\000i\000o\000n\000\040\000a\000n\000d\000\040\000I\000m\000p\000l\000e\000m\000e\000n\000t\000a\000t\000i\000o\000n\000\040\000T\000r\000a\000c\000e\000a\000b\000i\000l\000i\000t\000y}{}% 18
\BOOKMARK [1][-]{section.8}{\376\377\000O\000p\000t\000i\000m\000i\000z\000a\000t\000i\000o\000n\000\040\000a\000n\000d\000\040\000L\000e\000a\000r\000n\000i\000n\000g\000\040\000P\000r\000o\000c\000e\000d\000u\000r\000e}{}% 19
\BOOKMARK [1][-]{section.9}{\376\377\000I\000m\000p\000l\000e\000m\000e\000n\000t\000a\000t\000i\000o\000n\000\040\000D\000e\000t\000a\000i\000l\000s}{}% 20
\BOOKMARK [2][-]{subsection.9.1}{\376\377\000D\000e\000p\000e\000n\000d\000e\000n\000c\000i\000e\000s}{section.9}% 21
\BOOKMARK [2][-]{subsection.9.2}{\376\377\000D\000e\000t\000e\000r\000m\000i\000n\000i\000s\000m}{section.9}% 22
\BOOKMARK [2][-]{subsection.9.3}{\376\377\000F\000i\000l\000e\000s\000y\000s\000t\000e\000m\000\040\000b\000e\000h\000a\000v\000i\000o\000r}{section.9}% 23
\BOOKMARK [2][-]{subsection.9.4}{\376\377\000S\000e\000r\000i\000a\000l\000i\000z\000a\000t\000i\000o\000n}{section.9}% 24
\BOOKMARK [1][-]{section.10}{\376\377\000E\000x\000e\000c\000u\000t\000i\000o\000n\000\040\000W\000o\000r\000k\000f\000l\000o\000w}{}% 25
\BOOKMARK [1][-]{section.11}{\376\377\000D\000e\000s\000i\000g\000n\000\040\000D\000e\000c\000i\000s\000i\000o\000n\000s\000\040\000a\000n\000d\000\040\000R\000a\000t\000i\000o\000n\000a\000l\000e}{}% 26
\BOOKMARK [1][-]{section.12}{\376\377\000C\000o\000m\000p\000u\000t\000a\000t\000i\000o\000n\000a\000l\000\040\000C\000o\000n\000s\000i\000d\000e\000r\000a\000t\000i\000o\000n\000s}{}% 27
\BOOKMARK [1][-]{section.13}{\376\377\000R\000e\000p\000r\000o\000d\000u\000c\000i\000b\000i\000l\000i\000t\000y\000\040\000a\000n\000d\000\040\000R\000e\000l\000i\000a\000b\000i\000l\000i\000t\000y}{}% 28
\BOOKMARK [1][-]{section.14}{\376\377\000L\000i\000m\000i\000t\000a\000t\000i\000o\000n\000s\000\040\000a\000n\000d\000\040\000T\000e\000c\000h\000n\000i\000c\000a\000l\000\040\000C\000o\000n\000s\000i\000d\000e\000r\000a\000t\000i\000o\000n\000s}{}% 29
\BOOKMARK [2][-]{subsection.14.1}{\376\377\000N\000o\000\040\000p\000r\000o\000b\000a\000b\000i\000l\000i\000s\000t\000i\000c\000a\000l\000l\000y\000\040\000n\000o\000r\000m\000a\000l\000i\000z\000e\000d\000\040\000m\000u\000l\000t\000i\000c\000l\000a\000s\000s\000\040\000l\000o\000g\000i\000s\000t\000i\000c\000\040\000m\000o\000d\000e\000l}{section.14}% 30
\BOOKMARK [2][-]{subsection.14.2}{\376\377\000P\000a\000i\000r\000w\000i\000s\000e\000\040\000t\000i\000e\000-\000b\000r\000e\000a\000k\000i\000n\000g}{section.14}% 31
\BOOKMARK [2][-]{subsection.14.3}{\376\377\000L\000o\000g\000i\000s\000t\000i\000c\000\040\000s\000t\000o\000p\000p\000i\000n\000g\000\040\000c\000r\000i\000t\000e\000r\000i\000o\000n}{section.14}% 32
\BOOKMARK [2][-]{subsection.14.4}{\376\377\000S\000t\000o\000r\000e\000d\000\040\000l\000o\000g\000i\000s\000t\000i\000c\000\040\000l\000o\000s\000s}{section.14}% 33
\BOOKMARK [2][-]{subsection.14.5}{\376\377\000H\000y\000p\000e\000r\000p\000a\000r\000a\000m\000e\000t\000e\000r\000\040\000d\000e\000p\000e\000n\000d\000e\000n\000c\000e}{section.14}% 34
\BOOKMARK [2][-]{subsection.14.6}{\376\377\000S\000c\000o\000p\000e\000\040\000o\000f\000\040\000v\000a\000l\000i\000d\000a\000t\000i\000o\000n}{section.14}% 35
\BOOKMARK [1][-]{section.15}{\376\377\000O\000v\000e\000r\000a\000l\000l\000\040\000T\000e\000c\000h\000n\000i\000c\000a\000l\000\040\000A\000s\000s\000e\000s\000s\000m\000e\000n\000t}{}% 36
\BOOKMARK [1][-]{section.16}{\376\377\000C\000o\000n\000c\000l\000u\000s\000i\000o\000n}{}% 37
\BOOKMARK [1][-]{appendix.A}{\376\377\000S\000o\000u\000r\000c\000e\000-\000t\000o\000-\000R\000e\000p\000o\000r\000t\000\040\000T\000r\000a\000c\000e\000a\000b\000i\000l\000i\000t\000y\000\040\000M\000a\000p}{}% 38
\BOOKMARK [1][-]{appendix.B}{\376\377\000R\000e\000p\000r\000e\000s\000e\000n\000t\000a\000t\000i\000v\000e\000\040\000C\000o\000d\000e\000\040\000E\000x\000c\000e\000r\000p\000t\000s}{}% 39
\BOOKMARK [2][-]{subsection.B.1}{\376\377\000P\000e\000r\000c\000e\000p\000t\000r\000o\000n\000\040\000u\000p\000d\000a\000t\000e}{appendix.B}% 40
\BOOKMARK [2][-]{subsection.B.2}{\376\377\000L\000e\000a\000s\000t\000-\000s\000q\000u\000a\000r\000e\000s\000\040\000s\000o\000l\000u\000t\000i\000o\000n}{appendix.B}% 41
\BOOKMARK [2][-]{subsection.B.3}{\376\377\000L\000o\000g\000i\000s\000t\000i\000c\000\040\000g\000r\000a\000d\000i\000e\000n\000t}{appendix.B}% 42
